// Jest Snapshot v1, https://goo.gl/fbAQLP

exports[`Footer renders as required Footer UI matches the snapshot 1`] = `
<footer
  className="footer"
>
  **Data gathered from
   
  <a
    href="https://covid19tracking.narrativa.com/index_en.html"
  >
    Narrativa API
  </a>
</footer>
`;
